// Jest Snapshot v1, https://goo.gl/fbAQLP

exports[`<RigConfigurationsDialog /> renders correctly 1`] = `
ShallowWrapper {
  "length": 1,
  Symbol(enzyme.__root__): [Circular],
  Symbol(enzyme.__unrendered__): <RigConfigurationsDialog
    closeConfigurationsHandler={[Function]}
    config={Object {}}
    refreshConfigurationsHandler={[Function]}
/>,
  Symbol(enzyme.__renderer__): Object {
    "batchedUpdates": [Function],
    "getNode": [Function],
    "render": [Function],
    "simulateEvent": [Function],
    "unmount": [Function],
  },
  Symbol(enzyme.__node__): Object {
    "instance": null,
    "key": undefined,
    "nodeType": "host",
    "props": Object {
      "children": Array [
        <div
          className="rig-configurations-view__background"
/>,
        <div
          className="rig-configurations-view__dialog"
>
          <div
                    className="dialog__top-bar-container"
          >
                    <div
                              className="top-bar-container__title"
                    >
                               Dev Rig Configurations 
                    </div>
                    <div
                              className="top-bar-container__escape"
                              onClick={[Function]}
                    >
                              <img
                                        alt="Close"
                                        src="close_icon.png"
                              />
                    </div>
          </div>
          <hr
                    className="dialog__divider"
          />
          <div
                    className="rig-configurations-view__content"
          >
                     
                    {}
                     
          </div>
          <hr
                    className="dialog__divider"
          />
          <div
                    className="dialog_bottom-bar"
          >
                    <div
                              className="bottom-bar__refresh"
                              onClick={[Function]}
                    >
                               Refresh 
                    </div>
                    <div
                              className="bottom-bar__cancel"
                              onClick={[Function]}
                    >
                               Cancel 
                    </div>
          </div>
</div>,
      ],
      "className": "rig-configurations-view",
    },
    "ref": null,
    "rendered": Array [
      Object {
        "instance": null,
        "key": undefined,
        "nodeType": "host",
        "props": Object {
          "className": "rig-configurations-view__background",
        },
        "ref": null,
        "rendered": null,
        "type": "div",
      },
      Object {
        "instance": null,
        "key": undefined,
        "nodeType": "host",
        "props": Object {
          "children": Array [
            <div
              className="dialog__top-bar-container"
>
              <div
                            className="top-bar-container__title"
              >
                             Dev Rig Configurations 
              </div>
              <div
                            className="top-bar-container__escape"
                            onClick={[Function]}
              >
                            <img
                                          alt="Close"
                                          src="close_icon.png"
                            />
              </div>
</div>,
            <hr
              className="dialog__divider"
/>,
            <div
              className="rig-configurations-view__content"
>
               
              {}
               
</div>,
            <hr
              className="dialog__divider"
/>,
            <div
              className="dialog_bottom-bar"
>
              <div
                            className="bottom-bar__refresh"
                            onClick={[Function]}
              >
                             Refresh 
              </div>
              <div
                            className="bottom-bar__cancel"
                            onClick={[Function]}
              >
                             Cancel 
              </div>
</div>,
          ],
          "className": "rig-configurations-view__dialog",
        },
        "ref": null,
        "rendered": Array [
          Object {
            "instance": null,
            "key": undefined,
            "nodeType": "host",
            "props": Object {
              "children": Array [
                <div
                  className="top-bar-container__title"
>
                   Dev Rig Configurations 
</div>,
                <div
                  className="top-bar-container__escape"
                  onClick={[Function]}
>
                  <img
                                    alt="Close"
                                    src="close_icon.png"
                  />
</div>,
              ],
              "className": "dialog__top-bar-container",
            },
            "ref": null,
            "rendered": Array [
              Object {
                "instance": null,
                "key": undefined,
                "nodeType": "host",
                "props": Object {
                  "children": " Dev Rig Configurations ",
                  "className": "top-bar-container__title",
                },
                "ref": null,
                "rendered": " Dev Rig Configurations ",
                "type": "div",
              },
              Object {
                "instance": null,
                "key": undefined,
                "nodeType": "host",
                "props": Object {
                  "children": <img
                    alt="Close"
                    src="close_icon.png"
/>,
                  "className": "top-bar-container__escape",
                  "onClick": [Function],
                },
                "ref": null,
                "rendered": Object {
                  "instance": null,
                  "key": undefined,
                  "nodeType": "host",
                  "props": Object {
                    "alt": "Close",
                    "src": "close_icon.png",
                  },
                  "ref": null,
                  "rendered": null,
                  "type": "img",
                },
                "type": "div",
              },
            ],
            "type": "div",
          },
          Object {
            "instance": null,
            "key": undefined,
            "nodeType": "host",
            "props": Object {
              "className": "dialog__divider",
            },
            "ref": null,
            "rendered": null,
            "type": "hr",
          },
          Object {
            "instance": null,
            "key": undefined,
            "nodeType": "host",
            "props": Object {
              "children": Array [
                " ",
                "{}",
                " ",
              ],
              "className": "rig-configurations-view__content",
            },
            "ref": null,
            "rendered": Array [
              " ",
              "{}",
              " ",
            ],
            "type": "div",
          },
          Object {
            "instance": null,
            "key": undefined,
            "nodeType": "host",
            "props": Object {
              "className": "dialog__divider",
            },
            "ref": null,
            "rendered": null,
            "type": "hr",
          },
          Object {
            "instance": null,
            "key": undefined,
            "nodeType": "host",
            "props": Object {
              "children": Array [
                <div
                  className="bottom-bar__refresh"
                  onClick={[Function]}
>
                   Refresh 
</div>,
                <div
                  className="bottom-bar__cancel"
                  onClick={[Function]}
>
                   Cancel 
</div>,
              ],
              "className": "dialog_bottom-bar",
            },
            "ref": null,
            "rendered": Array [
              Object {
                "instance": null,
                "key": undefined,
                "nodeType": "host",
                "props": Object {
                  "children": " Refresh ",
                  "className": "bottom-bar__refresh",
                  "onClick": [Function],
                },
                "ref": null,
                "rendered": " Refresh ",
                "type": "div",
              },
              Object {
                "instance": null,
                "key": undefined,
                "nodeType": "host",
                "props": Object {
                  "children": " Cancel ",
                  "className": "bottom-bar__cancel",
                  "onClick": [Function],
                },
                "ref": null,
                "rendered": " Cancel ",
                "type": "div",
              },
            ],
            "type": "div",
          },
        ],
        "type": "div",
      },
    ],
    "type": "div",
  },
  Symbol(enzyme.__nodes__): Array [
    Object {
      "instance": null,
      "key": undefined,
      "nodeType": "host",
      "props": Object {
        "children": Array [
          <div
            className="rig-configurations-view__background"
/>,
          <div
            className="rig-configurations-view__dialog"
>
            <div
                        className="dialog__top-bar-container"
            >
                        <div
                                    className="top-bar-container__title"
                        >
                                     Dev Rig Configurations 
                        </div>
                        <div
                                    className="top-bar-container__escape"
                                    onClick={[Function]}
                        >
                                    <img
                                                alt="Close"
                                                src="close_icon.png"
                                    />
                        </div>
            </div>
            <hr
                        className="dialog__divider"
            />
            <div
                        className="rig-configurations-view__content"
            >
                         
                        {}
                         
            </div>
            <hr
                        className="dialog__divider"
            />
            <div
                        className="dialog_bottom-bar"
            >
                        <div
                                    className="bottom-bar__refresh"
                                    onClick={[Function]}
                        >
                                     Refresh 
                        </div>
                        <div
                                    className="bottom-bar__cancel"
                                    onClick={[Function]}
                        >
                                     Cancel 
                        </div>
            </div>
</div>,
        ],
        "className": "rig-configurations-view",
      },
      "ref": null,
      "rendered": Array [
        Object {
          "instance": null,
          "key": undefined,
          "nodeType": "host",
          "props": Object {
            "className": "rig-configurations-view__background",
          },
          "ref": null,
          "rendered": null,
          "type": "div",
        },
        Object {
          "instance": null,
          "key": undefined,
          "nodeType": "host",
          "props": Object {
            "children": Array [
              <div
                className="dialog__top-bar-container"
>
                <div
                                className="top-bar-container__title"
                >
                                 Dev Rig Configurations 
                </div>
                <div
                                className="top-bar-container__escape"
                                onClick={[Function]}
                >
                                <img
                                                alt="Close"
                                                src="close_icon.png"
                                />
                </div>
</div>,
              <hr
                className="dialog__divider"
/>,
              <div
                className="rig-configurations-view__content"
>
                 
                {}
                 
</div>,
              <hr
                className="dialog__divider"
/>,
              <div
                className="dialog_bottom-bar"
>
                <div
                                className="bottom-bar__refresh"
                                onClick={[Function]}
                >
                                 Refresh 
                </div>
                <div
                                className="bottom-bar__cancel"
                                onClick={[Function]}
                >
                                 Cancel 
                </div>
</div>,
            ],
            "className": "rig-configurations-view__dialog",
          },
          "ref": null,
          "rendered": Array [
            Object {
              "instance": null,
              "key": undefined,
              "nodeType": "host",
              "props": Object {
                "children": Array [
                  <div
                    className="top-bar-container__title"
>
                     Dev Rig Configurations 
</div>,
                  <div
                    className="top-bar-container__escape"
                    onClick={[Function]}
>
                    <img
                                        alt="Close"
                                        src="close_icon.png"
                    />
</div>,
                ],
                "className": "dialog__top-bar-container",
              },
              "ref": null,
              "rendered": Array [
                Object {
                  "instance": null,
                  "key": undefined,
                  "nodeType": "host",
                  "props": Object {
                    "children": " Dev Rig Configurations ",
                    "className": "top-bar-container__title",
                  },
                  "ref": null,
                  "rendered": " Dev Rig Configurations ",
                  "type": "div",
                },
                Object {
                  "instance": null,
                  "key": undefined,
                  "nodeType": "host",
                  "props": Object {
                    "children": <img
                      alt="Close"
                      src="close_icon.png"
/>,
                    "className": "top-bar-container__escape",
                    "onClick": [Function],
                  },
                  "ref": null,
                  "rendered": Object {
                    "instance": null,
                    "key": undefined,
                    "nodeType": "host",
                    "props": Object {
                      "alt": "Close",
                      "src": "close_icon.png",
                    },
                    "ref": null,
                    "rendered": null,
                    "type": "img",
                  },
                  "type": "div",
                },
              ],
              "type": "div",
            },
            Object {
              "instance": null,
              "key": undefined,
              "nodeType": "host",
              "props": Object {
                "className": "dialog__divider",
              },
              "ref": null,
              "rendered": null,
              "type": "hr",
            },
            Object {
              "instance": null,
              "key": undefined,
              "nodeType": "host",
              "props": Object {
                "children": Array [
                  " ",
                  "{}",
                  " ",
                ],
                "className": "rig-configurations-view__content",
              },
              "ref": null,
              "rendered": Array [
                " ",
                "{}",
                " ",
              ],
              "type": "div",
            },
            Object {
              "instance": null,
              "key": undefined,
              "nodeType": "host",
              "props": Object {
                "className": "dialog__divider",
              },
              "ref": null,
              "rendered": null,
              "type": "hr",
            },
            Object {
              "instance": null,
              "key": undefined,
              "nodeType": "host",
              "props": Object {
                "children": Array [
                  <div
                    className="bottom-bar__refresh"
                    onClick={[Function]}
>
                     Refresh 
</div>,
                  <div
                    className="bottom-bar__cancel"
                    onClick={[Function]}
>
                     Cancel 
</div>,
                ],
                "className": "dialog_bottom-bar",
              },
              "ref": null,
              "rendered": Array [
                Object {
                  "instance": null,
                  "key": undefined,
                  "nodeType": "host",
                  "props": Object {
                    "children": " Refresh ",
                    "className": "bottom-bar__refresh",
                    "onClick": [Function],
                  },
                  "ref": null,
                  "rendered": " Refresh ",
                  "type": "div",
                },
                Object {
                  "instance": null,
                  "key": undefined,
                  "nodeType": "host",
                  "props": Object {
                    "children": " Cancel ",
                    "className": "bottom-bar__cancel",
                    "onClick": [Function],
                  },
                  "ref": null,
                  "rendered": " Cancel ",
                  "type": "div",
                },
              ],
              "type": "div",
            },
          ],
          "type": "div",
        },
      ],
      "type": "div",
    },
  ],
  Symbol(enzyme.__options__): Object {
    "adapter": ReactSixteenAdapter {
      "options": Object {
        "enableComponentDidUpdateOnSetState": true,
      },
    },
  },
}
`;
